com\njdge\fastbuilder\adapters\ScoreboardAdapter.class
com\njdge\fastbuilder\utils\menu\pagination\FilterablePaginatedMenu.class
com\njdge\fastbuilder\profile\ProfileManager.class
com\njdge\fastbuilder\utils\CC.class
com\njdge\fastbuilder\profile\ProfileState.class
com\njdge\fastbuilder\utils\PlayerUtils.class
com\njdge\fastbuilder\utils\assemble\AssembleUtils.class
com\njdge\fastbuilder\profile\TimerTicker.class
com\njdge\fastbuilder\arena\impl\Island.class
com\njdge\fastbuilder\utils\assemble\AssembleThread.class
com\njdge\fastbuilder\utils\menu\Menu.class
com\njdge\fastbuilder\utils\menu\pagination\PageButton.class
com\njdge\fastbuilder\utils\ActionBar.class
com\njdge\fastbuilder\arena\ArenaType.class
com\njdge\fastbuilder\utils\menu\pagination\PageFilterButton.class
com\njdge\fastbuilder\arena\ArenaManager.class
com\njdge\fastbuilder\profile\PlayerProfile.class
com\njdge\fastbuilder\profile\listener\ProfileListener.class
com\njdge\fastbuilder\utils\assemble\AssembleListener.class
com\njdge\fastbuilder\utils\menu\button\ConfirmationButton.class
com\njdge\fastbuilder\WeatherManager$1.class
com\njdge\fastbuilder\utils\assemble\AssembleBoardEntry.class
com\njdge\fastbuilder\utils\assemble\AssembleStyle.class
com\njdge\fastbuilder\utils\assemble\AssembleException.class
com\njdge\fastbuilder\utils\menu\Button.class
com\njdge\fastbuilder\utils\TitleSender.class
com\njdge\fastbuilder\adapters\ScoreboardAdapter$1.class
com\njdge\fastbuilder\utils\TimeUtil.class
com\njdge\fastbuilder\profile\shop\Shop.class
com\njdge\fastbuilder\utils\assemble\Assemble.class
com\njdge\fastbuilder\FastBuilderItems.class
com\njdge\fastbuilder\utils\assemble\AssembleBoard.class
com\njdge\fastbuilder\utils\menu\button\DisplayButton.class
com\njdge\fastbuilder\utils\Util.class
com\njdge\fastbuilder\utils\menu\MenuListener.class
com\njdge\fastbuilder\arena\Arena.class
com\njdge\fastbuilder\utils\menu\TypeCallback.class
com\njdge\fastbuilder\utils\WorldUtil.class
com\njdge\fastbuilder\utils\assemble\events\AssembleBoardDestroyEvent.class
com\njdge\fastbuilder\WeatherManager.class
com\njdge\fastbuilder\utils\menu\pagination\PaginatedMenu.class
com\njdge\fastbuilder\utils\menu\pagination\PageFilter.class
com\njdge\fastbuilder\utils\menu\task\MenuUpdateTask.class
com\njdge\fastbuilder\utils\menu\pagination\JumpToPageButton.class
com\njdge\fastbuilder\utils\menu\button\ToggleButton.class
com\njdge\fastbuilder\profile\command\EditCommand.class
com\njdge\fastbuilder\utils\TaskTicker.class
com\njdge\fastbuilder\utils\Util$1.class
com\njdge\fastbuilder\utils\assemble\AssembleAdapter.class
com\njdge\fastbuilder\utils\Cuboid.class
com\njdge\fastbuilder\profile\shop\menu\ShopMenu.class
com\njdge\fastbuilder\test.class
com\njdge\fastbuilder\utils\menu\button\JumpToMenuButton.class
com\njdge\fastbuilder\utils\ItemBuilder.class
com\njdge\fastbuilder\utils\menu\pagination\PageFilterButton$1.class
com\njdge\fastbuilder\utils\menu\menus\ConfirmMenu.class
com\njdge\fastbuilder\utils\Tasks.class
com\njdge\fastbuilder\utils\assemble\events\AssembleBoardCreatedEvent.class
com\njdge\fastbuilder\profile\BlockClearAnimation.class
com\njdge\fastbuilder\utils\menu\pagination\ViewAllPagesMenu.class
com\njdge\fastbuilder\utils\TaskTicker$TickType.class
com\njdge\fastbuilder\database\MongoManager.class
com\njdge\fastbuilder\FastBuilder.class
com\njdge\fastbuilder\utils\menu\button\BackButton.class
com\njdge\fastbuilder\utils\menu\Button$1.class
com\njdge\fastbuilder\utils\assemble\events\AssembleBoardCreateEvent.class
