C:\Users\IDEA3C\IdeaProjects\FastBuilder\src\main\java\com\njdge\fastbuilder\utils\CC.java
C:\Users\IDEA3C\IdeaProjects\FastBuilder\src\main\java\com\njdge\fastbuilder\profile\command\EditCommand.java
C:\Users\IDEA3C\IdeaProjects\FastBuilder\src\main\java\com\njdge\fastbuilder\utils\assemble\AssembleException.java
C:\Users\IDEA3C\IdeaProjects\FastBuilder\src\main\java\com\njdge\fastbuilder\arena\impl\Island.java
C:\Users\IDEA3C\IdeaProjects\FastBuilder\src\main\java\com\njdge\fastbuilder\arena\Arena.java
C:\Users\IDEA3C\IdeaProjects\FastBuilder\src\main\java\com\njdge\fastbuilder\utils\ActionBar.java
C:\Users\IDEA3C\IdeaProjects\FastBuilder\src\main\java\com\njdge\fastbuilder\profile\BlockClearAnimation.java
C:\Users\IDEA3C\IdeaProjects\FastBuilder\src\main\java\com\njdge\fastbuilder\utils\assemble\events\AssembleBoardCreateEvent.java
C:\Users\IDEA3C\IdeaProjects\FastBuilder\src\main\java\com\njdge\fastbuilder\profile\TimerTicker.java
C:\Users\IDEA3C\IdeaProjects\FastBuilder\src\main\java\com\njdge\fastbuilder\profile\listener\ProfileListener.java
C:\Users\IDEA3C\IdeaProjects\FastBuilder\src\main\java\com\njdge\fastbuilder\FastBuilderItems.java
C:\Users\IDEA3C\IdeaProjects\FastBuilder\src\main\java\com\njdge\fastbuilder\utils\TaskTicker.java
C:\Users\IDEA3C\IdeaProjects\FastBuilder\src\main\java\com\njdge\fastbuilder\utils\TitleSender.java
C:\Users\IDEA3C\IdeaProjects\FastBuilder\src\main\java\com\njdge\fastbuilder\utils\assemble\AssembleBoardEntry.java
C:\Users\IDEA3C\IdeaProjects\FastBuilder\src\main\java\com\njdge\fastbuilder\WeatherManager.java
C:\Users\IDEA3C\IdeaProjects\FastBuilder\src\main\java\com\njdge\fastbuilder\utils\ItemBuilder.java
C:\Users\IDEA3C\IdeaProjects\FastBuilder\src\main\java\com\njdge\fastbuilder\arena\ArenaManager.java
C:\Users\IDEA3C\IdeaProjects\FastBuilder\src\main\java\com\njdge\fastbuilder\adapters\ScoreboardAdapter.java
C:\Users\IDEA3C\IdeaProjects\FastBuilder\src\main\java\com\njdge\fastbuilder\utils\Util.java
C:\Users\IDEA3C\IdeaProjects\FastBuilder\src\main\java\com\njdge\fastbuilder\utils\assemble\AssembleUtils.java
C:\Users\IDEA3C\IdeaProjects\FastBuilder\src\main\java\com\njdge\fastbuilder\utils\PlayerUtils.java
C:\Users\IDEA3C\IdeaProjects\FastBuilder\src\main\java\com\njdge\fastbuilder\FastBuilder.java
C:\Users\IDEA3C\IdeaProjects\FastBuilder\src\main\java\com\njdge\fastbuilder\profile\ProfileManager.java
C:\Users\IDEA3C\IdeaProjects\FastBuilder\src\main\java\com\njdge\fastbuilder\utils\assemble\AssembleAdapter.java
C:\Users\IDEA3C\IdeaProjects\FastBuilder\src\main\java\com\njdge\fastbuilder\utils\assemble\events\AssembleBoardDestroyEvent.java
C:\Users\IDEA3C\IdeaProjects\FastBuilder\src\main\java\com\njdge\fastbuilder\utils\BasicConfigFile.java
C:\Users\IDEA3C\IdeaProjects\FastBuilder\src\main\java\com\njdge\fastbuilder\utils\Cuboid.java
C:\Users\IDEA3C\IdeaProjects\FastBuilder\src\main\java\com\njdge\fastbuilder\profile\PlayerProfile.java
C:\Users\IDEA3C\IdeaProjects\FastBuilder\src\main\java\com\njdge\fastbuilder\utils\assemble\AssembleBoard.java
C:\Users\IDEA3C\IdeaProjects\FastBuilder\src\main\java\com\njdge\fastbuilder\utils\assemble\AssembleThread.java
C:\Users\IDEA3C\IdeaProjects\FastBuilder\src\main\java\com\njdge\fastbuilder\utils\assemble\Assemble.java
C:\Users\IDEA3C\IdeaProjects\FastBuilder\src\main\java\com\njdge\fastbuilder\utils\WorldUtil.java
C:\Users\IDEA3C\IdeaProjects\FastBuilder\src\main\java\com\njdge\fastbuilder\profile\ProfileState.java
C:\Users\IDEA3C\IdeaProjects\FastBuilder\src\main\java\com\njdge\fastbuilder\test.java
C:\Users\IDEA3C\IdeaProjects\FastBuilder\src\main\java\com\njdge\fastbuilder\utils\assemble\AssembleListener.java
C:\Users\IDEA3C\IdeaProjects\FastBuilder\src\main\java\com\njdge\fastbuilder\utils\assemble\AssembleStyle.java
C:\Users\IDEA3C\IdeaProjects\FastBuilder\src\main\java\com\njdge\fastbuilder\utils\TimeUtil.java
C:\Users\IDEA3C\IdeaProjects\FastBuilder\src\main\java\com\njdge\fastbuilder\utils\assemble\events\AssembleBoardCreatedEvent.java
C:\Users\IDEA3C\IdeaProjects\FastBuilder\src\main\java\com\njdge\fastbuilder\arena\ArenaType.java
C:\Users\IDEA3C\IdeaProjects\FastBuilder\src\main\java\com\njdge\fastbuilder\utils\Tasks.java
